C51 COMPILER V9.00   房糭                                                                  08/13/2019 08:40:05 PAGE 1   


C51 COMPILER V9.00, COMPILATION OF MODULE 房糭
OBJECT MODULE PLACED IN 房间.OBJ
COMPILER INVOKED BY: E:\Keil\C51\BIN\C51.EXE 房间.c BROWSE DEBUG OBJECTEXTEND

line level    source

   1          #include<reg51.h>    //包含单片机寄存器的头文件
   2          #include <I2C.H>
   3          #define  PCF8591 0x90    //PCF8591 地址
   4          #define uint unsigned int //宏定义uint 为unsigned int类型
   5          #define uchar unsigned char //宏定义uchar 为unsigned char 类型
   6          
   7          
   8          // 变量定义
   9          unsigned char AD_CHANNEL;
  10          unsigned long xdata  LedOut[8];
  11          unsigned int  D[32];
  12          sbit P2_0 = P2^0;
  13          sbit P2_1 = P2^1;
  14          sbit P2_2 = P2^2;
  15          sbit P2_3 = P2^3;
  16          sbit P1_2 = P1^2;//定义舵机PWM控制端口
  17          sbit P1_3 = P1^3;//定义舵机PWM控制端口
  18          int PulseCount; int Velocity;
  19          
  20          unsigned char date;
  21          
  22          uchar code table[]={0xc0,0xf9,0xa4,0xb0,0x99,0x92,0x82,
  23                                  0xf8,0x80,0x90};
  24          
  25          
  26            // 函数申明 
  27          
  28          void display();
  29          void delay(uchar i);
  30          bit DACconversion(unsigned char sla,unsigned char c,  unsigned char Val);
  31          bit ISendByte(unsigned char sla,unsigned char c);
  32          unsigned char IRcvByte(unsigned char sla);
  33          void Initial_com(void);
  34          void delay_nus(unsigned int i);
  35          void delay_nms(unsigned int n);
  36          void Forward(PulseCount,Velocity);
  37          void Right(PulseCount,Velocity);
  38          void Left(PulseCount,Velocity);
  39          void Backward(PulseCount,Velocity);
  40          //******************************************************************/
  41          void main()
  42          {  
  43   1      
  44   1              Initial_com();
  45   1              while(1)
  46   1              {  
  47   2      
  48   2              /********以下AD-DA处理*************/  
  49   2              
  50   2                  switch(AD_CHANNEL)
  51   2                      {
  52   3                              case 0: ISendByte(PCF8591,0x41);
  53   3                                   D[0]=IRcvByte(PCF8591);  //ADC0 模数转换1      光敏电阻
  54   3                                       break;  
  55   3                              
C51 COMPILER V9.00   房糭                                                                  08/13/2019 08:40:05 PAGE 2   

  56   3                              case 1: ISendByte(PCF8591,0x42);
  57   3                                   D[1]=IRcvByte(PCF8591);  //ADC1  模数转换2   热敏电阻
  58   3                                       break;  
  59   3                              
  60   3                              case 2: ISendByte(PCF8591,0x43);
  61   3                                   D[2]=IRcvByte(PCF8591);  //ADC2    模数转换3          悬空
  62   3                                       break;  
  63   3                              
  64   3                              case 3: ISendByte(PCF8591,0x40);
  65   3                                   D[3]=IRcvByte(PCF8591);  //ADC3   模数转换4           可调0-5v
  66   3                                       break;  
  67   3                              
  68   3                              case 4: DACconversion(PCF8591,0x40, D[4]); //DAC          数模转换
  69   3                                   break;
  70   3                       
  71   3                      }
  72   2      
  73   2      
  74   2      
  75   2      
  76   2      //      D[4]=D[3];  //把模拟输入采样的信号 通过数模转换输出
  77   2                              
  78   2                 if(++AD_CHANNEL>4) AD_CHANNEL=0;
  79   2              
  80   2      //         /********以下将AD的值通过串口发送出去*************/
  81   2      //       delay(200);    
  82   2      //       SBUF=D[0];                        
  83   2      //       delay(200);              
  84   2      //       SBUF=D[1];                        
  85   2      //       delay(200);    
  86   2      //       SBUF=D[2];
  87   2      //       delay(200);
  88   2      //       SBUF=D[3];
  89   2      //       delay(200);
  90   2      //       if(RI)
  91   2      //      {
  92   2      //              date=SBUF;    //单片机接受
  93   2      //              SBUF=date;    //单片机发送
  94   2      //              RI=0;
  95   2      //      }
  96   2                      if(D[0]>0x25)   /*  D[0]右边红外传感器读数   */
  97   2                      {
  98   3                              if(D[0]<0x4B && D[0]>0x30)
  99   3                                      {       Right(5,200);
 100   4                                              delay_nms(500);
 101   4                                              Forward(7,200);
 102   4                                              delay_nms(500);
 103   4                                              Left(6,200);
 104   4                                              delay_nms(500);
 105   4                                      }
 106   3                              else if(D[0]<0x30)
 107   3                                      {       Right(10,200);
 108   4                                              delay_nms(1000);
 109   4                                              Forward(7,200);
 110   4                                              delay_nms(500);
 111   4                                              Left(11,200);
 112   4                                              delay_nms(1000);
 113   4                                      }                                 
 114   3                              else if(D[0]>0x56 && D[0]<0x60 ) /*&& D[1]>(D[0]+0x10)*/
 115   3                                              {       Left(6,200);
 116   4                                                      delay_nms(500);
 117   4                                                      Forward(7,200);
C51 COMPILER V9.00   房糭                                                                  08/13/2019 08:40:05 PAGE 3   

 118   4                                                      delay_nms(500);
 119   4                                                      Right(5,200);
 120   4                                                      delay_nms(500);
 121   4                                              }
 122   3                              else if(D[0]>0x56 && D[0]<0x60 ) /*&& D[1]>(D[0]+0x10)*/
 123   3                                              {       Left(11,200);
 124   4                                                      delay_nms(1000);
 125   4                                                      Forward(7,200);
 126   4                                                      delay_nms(500);
 127   4                                                      Right(10,200);
 128   4                                                      delay_nms(1000);
 129   4                                              }
 130   3                      }
 131   2                      else Forward(1,200);
 132   2                      
 133   2      //              if( D[1]>0x30 && D[1]<0x51 )            /*  D[1]左边边红外传感器读数   */
 134   2      //              {
 135   2      //                              {       Left_Turn();
 136   2      //                                      Forward();
 137   2      //                                      Right_Turn();
 138   2      //                              }                                
 139   2      //              }
 140   2      //              else Forward();
 141   2                      // ******   舵机  ************   
 142   2         }
 143   1      }
 144          
 145          
 146          void delay(uchar i)
 147          {
 148   1        uchar j,k; 
 149   1        for(j=i;j>0;j--)
 150   1          for(k=125;k>0;k--);
 151   1      }
 152          
 153          /*******************************************************************
 154          DAC 变换, 转化函数               
 155          *******************************************************************/
 156          bit DACconversion(unsigned char sla,unsigned char c,  unsigned char Val)
 157          {
 158   1         Start_I2c();              //启动总线
 159   1         SendByte(sla);            //发送器件地址
 160   1         if(ack==0)return(0);
 161   1         SendByte(c);              //发送控制字节
 162   1         if(ack==0)return(0);
 163   1         SendByte(Val);            //发送DAC的数值  
 164   1         if(ack==0)return(0);
 165   1         Stop_I2c();               //结束总线
 166   1         return(1);
 167   1      }
 168          
 169          /*******************************************************************
 170          ADC发送字节[命令]数据函数               
 171          *******************************************************************/
 172          bit ISendByte(unsigned char sla,unsigned char c)
 173          {
 174   1         Start_I2c();              //启动总线
 175   1         SendByte(sla);            //发送器件地址
 176   1         if(ack==0)return(0);
 177   1         SendByte(c);              //发送数据
 178   1         if(ack==0)return(0);
 179   1         Stop_I2c();               //结束总线
C51 COMPILER V9.00   房糭                                                                  08/13/2019 08:40:05 PAGE 4   

 180   1         return(1);
 181   1      }
 182          
 183          /*******************************************************************
 184          ADC读字节数据函数               
 185          *******************************************************************/
 186          unsigned char IRcvByte(unsigned char sla)
 187          {  unsigned char c;
 188   1      
 189   1         Start_I2c();          //启动总线
 190   1         SendByte(sla+1);      //发送器件地址
 191   1         if(ack==0)return(0);
 192   1         c=RcvByte();          //读取数据0
 193   1      
 194   1         Ack_I2c(1);           //发送非就答位
 195   1         Stop_I2c();           //结束总线
 196   1         return(c);
 197   1      }
 198          
 199          
 200          //*****串口初始化函数***********
 201          
 202          //******************************
 203          void Initial_com(void)
 204          {
 205   1       EA=1;        //开总中断
 206   1       ES=1;        //允许串口中断
 207   1       ET1=1;        //允许定时器T1的中断
 208   1       TMOD=0x20;   //定时器T1，在方式2中断产生波特率
 209   1       PCON=0x00;   //SMOD=0
 210   1       SCON=0x50;   // 方式1 由定时器控制
 211   1       TH1=0xfd;    //波特率设置为9600
 212   1       TL1=0xfd;
 213   1       TR1=1;       //开定时器T1运行控制位
 214   1      
 215   1      }
 216          
 217          //***   延时与舵机驱动  ********************
 218          void delay_nus(unsigned int i)  //延时:i>=12 ,i的最小延时单12 us
 219          { 
 220   1        i=i/10;
 221   1        while(--i);
 222   1      }   
 223          
 224          void delay_nms(unsigned int n)  //延时n ms
 225          { 
 226   1        n=n+1;
 227   1        while(--n)  
 228   1        delay_nus(900);         //延时 1ms,同时进行补偿
 229   1      }
 230          
 231          void Forward(PulseCount,Velocity)//定义向前函数，带脉冲计数参数PulseCount和脉冲宽度参数Velocity
 232          {
 233   1          int i;
 234   1          for(i=1;i<= PulseCount;i++)//for循环控制运行时间
 235   1              {
 236   2                      P1_3=1;
 237   2                      delay_nus(1500+ Velocity);
 238   2              P1_3=0;
 239   2                      P1_2=1;
 240   2                      delay_nus(1500- Velocity);
 241   2                      P1_2=0;
C51 COMPILER V9.00   房糭                                                                  08/13/2019 08:40:05 PAGE 5   

 242   2                      delay_nms(20);
 243   2              }
 244   1      }
 245          void Right(PulseCount,Velocity) //定义左转函数，带脉冲计数参数PulseCount和脉冲宽度参数Velocity
 246          {   
 247   1          int i;
 248   1          for(i=1;i<= PulseCount;i++)//for循环控制运行时间
 249   1              {
 250   2                      P1_3=1;
 251   2                      delay_nus(1500-Velocity);
 252   2              P1_3=0;
 253   2                      P1_2=1;
 254   2                      delay_nus(1500-Velocity);
 255   2                      P1_2=0;
 256   2                      delay_nms(20);
 257   2              }
 258   1      }
 259          void Left(PulseCount,Velocity) //定义右转函数，带脉冲计数参数PulseCount和脉冲宽度参数Velocity
 260          {
 261   1          int i;
 262   1          for(i=1;i<= PulseCount;i++)//for循环控制运行时间
 263   1              {
 264   2                      P1_3=1;
 265   2                      delay_nus(1500+Velocity);
 266   2              P1_3=0;
 267   2                      P1_2=1;
 268   2                      delay_nus(1500+Velocity);
 269   2                      P1_2=0;
 270   2                      delay_nms(20);
 271   2              }
 272   1      }
 273          void Backward(PulseCount,Velocity)//定义向后函数，带脉冲计数参数PulseCount和脉冲宽度参数Velocity
 274          {
 275   1          int i;
 276   1          for(i=1;i<= PulseCount;i++)//for循环控制运行时间
 277   1              {
 278   2                      P1_3=1;
 279   2                      delay_nus(1500-Velocity);
 280   2              P1_3=0;
 281   2                      P1_2=1;
 282   2                      delay_nus(1500+ Velocity);
 283   2                      P1_2=0;
 284   2                      delay_nms(20);
 285   2              }
 286   1      }
 287          //***************************************************************************//


MODULE INFORMATION:   STATIC OVERLAYABLE
   CODE SIZE        =    834    ----
   CONSTANT SIZE    =     10    ----
   XDATA SIZE       =     32    ----
   PDATA SIZE       =   ----    ----
   DATA SIZE        =     70      23
   IDATA SIZE       =   ----    ----
   BIT SIZE         =   ----    ----
END OF MODULE INFORMATION.


C51 COMPILATION COMPLETE.  0 WARNING(S),  0 ERROR(S)
