C51 COMPILER V9.00   I2C                                                                   08/16/2019 20:07:29 PAGE 1   


C51 COMPILER V9.00, COMPILATION OF MODULE I2C
OBJECT MODULE PLACED IN I2C.OBJ
COMPILER INVOKED BY: E:\Keil\C51\BIN\C51.EXE I2C.c LARGE BROWSE DEBUG OBJECTEXTEND

line level    source

   1          
   2          /*************************此部分为I2C总线的驱动程序*************************************/
   3          #include<REG51.H> 
   4          #include <intrins.h>
   5          #include <I2C.H>
   6          
   7          #define  NOP()   _nop_()   /* 定义空指令 */
   8          #define  _Nop()  _nop_()   /*定义空指令*/
   9          
  10           
  11          sbit     SCL=P2^0;       //I2C  时钟 
  12          sbit     SDA=P2^1;       //I2C  数据 
  13          bit ack;                 /*应答标志位*/
  14             
  15          
  16          /*******************************************************************
  17                               起动总线函数               
  18          函数原型: void  Start_I2c();  
  19          功能:     启动I2C总线,即发送I2C起始条件.  
  20          ********************************************************************/
  21          void Start_I2c()
  22          {
  23   1        SDA=1;         /*发送起始条件的数据信号*/
  24   1        _Nop();
  25   1        SCL=1;
  26   1        _Nop();        /*起始条件建立时间大于4.7us,延时*/
  27   1        _Nop();
  28   1        _Nop();
  29   1        _Nop();
  30   1        _Nop();    
  31   1        SDA=0;         /*发送起始信号*/
  32   1        _Nop();        /* 起始条件锁定时间大于4μs*/
  33   1        _Nop();
  34   1        _Nop();
  35   1        _Nop();
  36   1        _Nop();       
  37   1        SCL=0;       /*钳住I2C总线，准备发送或接收数据 */
  38   1        _Nop();
  39   1        _Nop();
  40   1      }
  41          
  42          /*******************************************************************
  43                                结束总线函数               
  44          函数原型: void  Stop_I2c();  
  45          功能:     结束I2C总线,即发送I2C结束条件.  
  46          ********************************************************************/
  47          void Stop_I2c()
  48          {
  49   1        SDA=0;      /*发送结束条件的数据信号*/
  50   1        _Nop();       /*发送结束条件的时钟信号*/
  51   1        SCL=1;      /*结束条件建立时间大于4μs*/
  52   1        _Nop();
  53   1        _Nop();
  54   1        _Nop();
  55   1        _Nop();
C51 COMPILER V9.00   I2C                                                                   08/16/2019 20:07:29 PAGE 2   

  56   1        _Nop();
  57   1        SDA=1;      /*发送I2C总线结束信号*/
  58   1        _Nop();
  59   1        _Nop();
  60   1        _Nop();
  61   1        _Nop();
  62   1      }
  63          
  64          /*******************************************************************
  65                           字节数据发送函数               
  66          函数原型: void  SendByte(UCHAR c);
  67          功能:     将数据c发送出去,可以是地址,也可以是数据,发完后等待应答,并对
  68                    此状态位进行操作.(不应答或非应答都使ack=0)     
  69                     发送数据正常，ack=1; ack=0表示被控器无应答或损坏。
  70          ********************************************************************/
  71          void  SendByte(unsigned char  c)
  72          {
  73   1       unsigned char  BitCnt;
  74   1       
  75   1       for(BitCnt=0;BitCnt<8;BitCnt++)  /*要传送的数据长度为8位*/
  76   1          {
  77   2           if((c<<BitCnt)&0x80)SDA=1;   /*判断发送位*/
  78   2             else  SDA=0;                
  79   2           _Nop();
  80   2           SCL=1;               /*置时钟线为高，通知被控器开始接收数据位*/
  81   2            _Nop(); 
  82   2            _Nop();             /*保证时钟高电平周期大于4μs*/
  83   2            _Nop();
  84   2            _Nop();
  85   2            _Nop();         
  86   2           SCL=0; 
  87   2          }
  88   1          
  89   1          _Nop();
  90   1          _Nop();
  91   1          SDA=1;                /*8位发送完后释放数据线，准备接收应答位*/
  92   1          _Nop();
  93   1          _Nop();   
  94   1          SCL=1;
  95   1          _Nop();
  96   1          _Nop();
  97   1          _Nop();
  98   1          if(SDA==1)ack=0;     
  99   1             else ack=1;        /*判断是否接收到应答信号*/
 100   1          SCL=0;
 101   1          _Nop();
 102   1          _Nop();
 103   1      }
 104          
 105          /*******************************************************************
 106                           字节数据接收函数               
 107          函数原型: UCHAR  RcvByte();
 108          功能:        用来接收从器件传来的数据,并判断总线错误(不发应答信号)，
 109                    发完后请用应答函数应答从机。  
 110          ********************************************************************/    
 111          unsigned char   RcvByte()
 112          {
 113   1        unsigned char  retc;
 114   1        unsigned char  BitCnt;
 115   1        
 116   1        retc=0; 
 117   1        SDA=1;                     /*置数据线为输入方式*/
C51 COMPILER V9.00   I2C                                                                   08/16/2019 20:07:29 PAGE 3   

 118   1        for(BitCnt=0;BitCnt<8;BitCnt++)
 119   1            {
 120   2              _Nop();           
 121   2              SCL=0;                  /*置时钟线为低，准备接收数据位*/
 122   2              _Nop();
 123   2              _Nop();                 /*时钟低电平周期大于4.7μs*/
 124   2              _Nop();
 125   2              _Nop();
 126   2              _Nop();
 127   2              SCL=1;                  /*置时钟线为高使数据线上数据有效*/
 128   2              _Nop();
 129   2              _Nop();
 130   2              retc=retc<<1;
 131   2              if(SDA==1)retc=retc+1;  /*读数据位,接收的数据位放入retc中 */
 132   2              _Nop();
 133   2              _Nop(); 
 134   2            }
 135   1        SCL=0;    
 136   1        _Nop();
 137   1        _Nop();
 138   1        return(retc);
 139   1      }
 140          
 141          /********************************************************************
 142                               应答子函数
 143          函数原型:  void Ack_I2c(bit a);
 144          功能:      主控器进行应答信号(可以是应答或非应答信号，由位参数a决定)
 145          ********************************************************************/
 146          void Ack_I2c(bit a)
 147          {
 148   1        
 149   1        if(a==0)SDA=0;              /*在此发出应答或非应答信号 */
 150   1        else SDA=1;
 151   1        _Nop();
 152   1        _Nop();
 153   1        _Nop();      
 154   1        SCL=1;
 155   1        _Nop();
 156   1        _Nop();                    /*时钟低电平周期大于4μs*/
 157   1        _Nop();
 158   1        _Nop();
 159   1        _Nop();  
 160   1        SCL=0;                     /*清时钟线，钳住I2C总线以便继续接收*/
 161   1        _Nop();
 162   1        _Nop();    
 163   1      }
 164          


MODULE INFORMATION:   STATIC OVERLAYABLE
   CODE SIZE        =    161    ----
   CONSTANT SIZE    =   ----    ----
   XDATA SIZE       =   ----    ----
   PDATA SIZE       =   ----    ----
   DATA SIZE        =   ----    ----
   IDATA SIZE       =   ----    ----
   BIT SIZE         =      1       1
END OF MODULE INFORMATION.


C51 COMPILATION COMPLETE.  0 WARNING(S),  0 ERROR(S)
