C51 COMPILER V9.00   第二个房糭灭火                                                        09/04/2019 21:30:37 PAGE 1   


C51 COMPILER V9.00, COMPILATION OF MODULE 第二个房糭灭火
OBJECT MODULE PLACED IN 第二个房间灭火.OBJ
COMPILER INVOKED BY: C:\Keil\C51\BIN\C51.EXE 第二个房间灭火.c BROWSE DEBUG OBJECTEXTEND

line level    source

   1          #include<reg51.h>    //包含单片机寄存器的头文件
   2          #include<zhixian.h>
   3          #include<miehuo.h>
   4          #define uint unsigned int //宏定义uint 为unsigned int类型
   5          
   6          void main()
   7          {
   8   1              uint i;
   9   1              //初始化
  10   1              T0_INIT();
  11   1              INT1_INIT();
  12   1              trig = 0;
  13   1              SIG=1;                  //风扇电机静止
  14   1              SIG1=1;         //火焰传感器
  15   1              SIG2=1;
  16   1      
  17   1         while(1)
  18   1         {
  19   2                      YRQ(0x2E);
  20   2                      TwoFJF();
  21   2                      if((SIG1==0)&&(SIG2==0))        //第一个角落前进灭火并回家(最后是死循环)
  22   2                      ThreeF1J();                              
  23   2                      else
  24   2                      {
  25   3                              Left(7,200);
  26   3                              if((SIG1==0)&&(SIG2==0))
  27   3                              {       
  28   4                                      Right(6,200);                   /* 7 ！ */
  29   4                                      TwoF1J();
  30   4                              }
  31   3                              else
  32   3                              {       
  33   4                                      while(1)
  34   4                                      {
  35   5                                              //第二个角落
  36   5                                              for(i=0;i<30;i++)
  37   5                                              {
  38   6                                                      
  39   6                                                      Right(1,200);                           /* 7 ！ + 19 ！ */
  40   6                                                      if((SIG1==0)&&(SIG2==0))        
  41   6                                                      {
  42   7                                                              Left(15,200);
  43   7                                                              TwoF2J();
  44   7                                                      }
  45   6                                                      
  46   6                                              }
  47   5                                              for(i=0;i<16;i++)
  48   5                                              {       
  49   6              
  50   6                                                      //进第三个角落
  51   6                                                      Right(1,200);
  52   6                                                      if((SIG1==0)&&(SIG2==0)) 
  53   6                                                      {   
  54   7                                                              Right(13-i,200);
  55   7                                                              Left(1,200);
C51 COMPILER V9.00   第二个房糭灭火                                                        09/04/2019 21:30:37 PAGE 2   

  56   7                                                              TwoF3J();
  57   7                                                      }
  58   6                                                      
  59   6                                              }
  60   5                                                      
  61   5                                              Right(28,200);
  62   5                                              //进入下一个房间
  63   5                                              while(1) Keep();
  64   5                                      }
  65   4                              }
  66   3                              break;
  67   3                      }
  68   2                      break;                  
  69   2              }
  70   1                      
  71   1      }
*** WARNING C291 IN LINE 43 OF 第二个房间灭火.C: not every exit path returns a value


MODULE INFORMATION:   STATIC OVERLAYABLE
   CODE SIZE        =   4831    ----
   CONSTANT SIZE    =    161    ----
   XDATA SIZE       =   ----    ----
   PDATA SIZE       =   ----    ----
   DATA SIZE        =     15      93
   IDATA SIZE       =   ----     186
   BIT SIZE         =      1       1
END OF MODULE INFORMATION.


C51 COMPILATION COMPLETE.  1 WARNING(S),  0 ERROR(S)
