C51 COMPILER V9.00   AD调试                                                                09/01/2019 11:20:30 PAGE 1   


C51 COMPILER V9.00, COMPILATION OF MODULE AD调试
OBJECT MODULE PLACED IN AD调试.OBJ
COMPILER INVOKED BY: C:\Keil\C51\BIN\C51.EXE AD调试.c BROWSE DEBUG OBJECTEXTEND

line level    source

   1          #include<reg51.h>
   2          #include<zhixian.h>
   3          #define uint unsigned int //宏定义uint 为unsigned int类型
   4          void main()
   5          {       
   6   1              uint a;
   7   1              Initial_com();
   8   1              while(1)
   9   1              {
  10   2                      a=DLZS();
  11   2                      send_char(a);
  12   2                      send_char(0xff);
  13   2              }
  14   1      }
*** WARNING C291 IN LINE 43 OF AD调试.C: not every exit path returns a value


MODULE INFORMATION:   STATIC OVERLAYABLE
   CODE SIZE        =   3426    ----
   CONSTANT SIZE    =     61    ----
   XDATA SIZE       =   ----    ----
   PDATA SIZE       =   ----    ----
   DATA SIZE        =     15      79
   IDATA SIZE       =   ----      86
   BIT SIZE         =      1       1
END OF MODULE INFORMATION.


C51 COMPILATION COMPLETE.  1 WARNING(S),  0 ERROR(S)
